// Jest Snapshot v1, https://goo.gl/fbAQLP

exports[`it should match the snapshot should match snapshot 1`] = `
Object {
  "asFragment": [Function],
  "baseElement": <body>
    <div>
      <div
        class="sc-bdvvaa bWfuzD footer"
      >
        <footer
          class="sc-gsDJrp hCHvzP"
        >
          <a
            class="footer__link"
            data-testid="github-link"
            href="https://github.com/stephane777"
            rel="noreferrer"
            target="_blank"
          >
            <svg
              class="sc-hKwCoD lbrBCT"
              data-testid="github-svg"
            >
              <use
                class="grid__icon-use"
                href="#icon-github"
              />
            </svg>
          </a>
          <p
            class="sc-dkPtyc kEOILh"
          >
            Created by Stephane Candelas.
          </p>
        </footer>
      </div>
    </div>
  </body>,
  "container": <div>
    <div
      class="sc-bdvvaa bWfuzD footer"
    >
      <footer
        class="sc-gsDJrp hCHvzP"
      >
        <a
          class="footer__link"
          data-testid="github-link"
          href="https://github.com/stephane777"
          rel="noreferrer"
          target="_blank"
        >
          <svg
            class="sc-hKwCoD lbrBCT"
            data-testid="github-svg"
          >
            <use
              class="grid__icon-use"
              href="#icon-github"
            />
          </svg>
        </a>
        <p
          class="sc-dkPtyc kEOILh"
        >
          Created by Stephane Candelas.
        </p>
      </footer>
    </div>
  </div>,
  "debug": [Function],
  "findAllByAltText": [Function],
  "findAllByDisplayValue": [Function],
  "findAllByLabelText": [Function],
  "findAllByPlaceholderText": [Function],
  "findAllByRole": [Function],
  "findAllByTestId": [Function],
  "findAllByText": [Function],
  "findAllByTitle": [Function],
  "findByAltText": [Function],
  "findByDisplayValue": [Function],
  "findByLabelText": [Function],
  "findByPlaceholderText": [Function],
  "findByRole": [Function],
  "findByTestId": [Function],
  "findByText": [Function],
  "findByTitle": [Function],
  "getAllByAltText": [Function],
  "getAllByDisplayValue": [Function],
  "getAllByLabelText": [Function],
  "getAllByPlaceholderText": [Function],
  "getAllByRole": [Function],
  "getAllByTestId": [Function],
  "getAllByText": [Function],
  "getAllByTitle": [Function],
  "getByAltText": [Function],
  "getByDisplayValue": [Function],
  "getByLabelText": [Function],
  "getByPlaceholderText": [Function],
  "getByRole": [Function],
  "getByTestId": [Function],
  "getByText": [Function],
  "getByTitle": [Function],
  "queryAllByAltText": [Function],
  "queryAllByDisplayValue": [Function],
  "queryAllByLabelText": [Function],
  "queryAllByPlaceholderText": [Function],
  "queryAllByRole": [Function],
  "queryAllByTestId": [Function],
  "queryAllByText": [Function],
  "queryAllByTitle": [Function],
  "queryByAltText": [Function],
  "queryByDisplayValue": [Function],
  "queryByLabelText": [Function],
  "queryByPlaceholderText": [Function],
  "queryByRole": [Function],
  "queryByTestId": [Function],
  "queryByText": [Function],
  "queryByTitle": [Function],
  "rerender": [Function],
  "unmount": [Function],
}
`;
